
hP@LAPTOP-5MJP1V36 MINGW64 ~
$ cd myproj

hP@LAPTOP-5MJP1V36 MINGW64 ~/myproj (master)
$ git status
On branch master

No commits yet

Untracked files:
  (use "git add <file>..." to include in what will be committed)
        .gitignore

nothing added to commit but untracked files present (use "git add" to track)

hP@LAPTOP-5MJP1V36 MINGW64 ~/myproj (master)
$ git add .gitignore

hP@LAPTOP-5MJP1V36 MINGW64 ~/myproj (master)
$ git commit -m "Add .gitignore to ignore log files and folders"
[master (root-commit) a5cce2a] Add .gitignore to ignore log files and folders
 1 file changed, 2 insertions(+)
 create mode 100644 .gitignore

hP@LAPTOP-5MJP1V36 MINGW64 ~/myproj (master)
$ git status
On branch master
nothing to commit, working tree clean

hP@LAPTOP-5MJP1V36 MINGW64 ~/myproj (master)
$ git status --ignored
On branch master
Ignored files:
  (use "git add -f <file>..." to include in what will be committed)
        log/
        test.log

nothing to commit, working tree clean

hP@LAPTOP-5MJP1V36 MINGW64 ~/myproj (master)
$
